61.184.16.246 - - [17/Apr/2024:08:47:25 +0800] "GET / HTTP/1.1" 200 1048 www.test.com "-" "Mozilla/5.0 (Windows NT 10.0; Win64; x64) AppleWebKit/537.36 (KHTML, like Gecko) Chrome/106.0.0.0 Safari/537.36"
42.233.5.79 - - [17/Apr/2024:08:49:02 +0800] "GET /images/cloud_bg.png HTTP/2.0" 200 7312 s.test.com "https://guanli.shop.net/style/style.css?v=1.1.62-14" "Mozilla/5.0 (Windows NT 6.1; WOW64) AppleWebKit/537.36 (KHTML, like Gecko) Chrome/114.0.5735.289 Safari/537.36"
42.233.5.79 - - [17/Apr/2024:08:49:05 +0800] "GET /images/cloud_bg.png HTTP/2.0" 200 7312 s.test.com "https://guanli.shop.net/style/style.css?v=1.1.62-14" "Mozilla/5.0 (Windows NT 6.1; WOW64) AppleWebKit/537.36 (KHTML, like Gecko) Chrome/114.0.5735.289 Safari/537.36"
42.233.5.79 - - [17/Apr/2024:08:49:06 +0800] "GET /images/cloud_bg.png HTTP/2.0" 200 7312 s.test.com "https://guanli.shop.net/style/style.css?v=1.1.62-14" "Mozilla/5.0 (Windows NT 6.1; WOW64) AppleWebKit/537.36 (KHTML, like Gecko) Chrome/114.0.5735.289 Safari/537.36"
3.145.108.9 - - [17/Apr/2024:08:50:47 +0800] "GET /robots.txt HTTP/1.1" 404 1986 www.test.com "-" "claudebot"
3.145.108.9 - - [17/Apr/2024:08:50:48 +0800] "GET /plist0.php?tid=2&page=8 HTTP/1.1" 404 1986 www.test.com "-" "claudebot"
18.118.145.114 - - [17/Apr/2024:08:51:24 +0800] "GET /robots.txt HTTP/1.1" 404 1986 www.test.com "-" "claudebot"
18.118.145.114 - - [17/Apr/2024:08:51:25 +0800] "GET /community/posts.php?aid=1519534414 HTTP/1.1" 404 1986 www.test.com "-" "claudebot"
42.180.187.2 - - [17/Apr/2024:08:51:26 +0800] "GET /y HTTP/1.1" 301 230 s.test.com "http://yy.aaabbb.net.cn/" "Mozilla/5.0 (iPhone; CPU iPhone OS 15_2 like Mac OS X) AppleWebKit/605.1.15 (KHTML, like Gecko) Version/15.2 Mobile/15E148 Safari/604.1"
42.180.187.2 - - [17/Apr/2024:08:51:26 +0800] "GET /y/ HTTP/1.1" 200 98 s.test.com "http://yy.aaabbb.net.cn/" "Mozilla/5.0 (iPhone; CPU iPhone OS 15_2 like Mac OS X) AppleWebKit/605.1.15 (KHTML, like Gecko) Version/15.2 Mobile/15E148 Safari/604.1"
3.149.234.251 - - [17/Apr/2024:08:51:43 +0800] "GET /robots.txt HTTP/1.1" 404 1986 www.test.com "-" "claudebot"
3.149.234.251 - - [17/Apr/2024:08:51:43 +0800] "GET /shtml201801/p-aqwel-1515580433.html HTTP/1.1" 404 1986 www.test.com "-" "claudebot"
42.180.187.2 - - [17/Apr/2024:08:52:20 +0800] "GET /images/pixe1.gif HTTP/1.1" 200 43 s.test.com "http://yy.aaabbb.net.cn/" "Mozilla/5.0 (Windows NT 10.0; Win64; x64) AppleWebKit/537.36 (KHTML, like Gecko) Chrome/121.0.0.0 Safari/537.36"
61.184.18.217 - - [17/Apr/2024:08:52:23 +0800] "GET / HTTP/1.1" 200 1048 www.test.com "-" "Mozilla/5.0 (Windows NT 10.0; Win64; x64) AppleWebKit/537.36 (KHTML, like Gecko) Chrome/106.0.0.0 Safari/537.36"
3.138.141.202 - - [17/Apr/2024:08:56:22 +0800] "GET /robots.txt HTTP/1.1" 404 1986 www.test.com "-" "claudebot"
3.138.141.202 - - [17/Apr/2024:08:56:23 +0800] "GET /plate/qt1 HTTP/1.1" 404 1986 www.test.com "-" "claudebot"
42.180.187.2 - - [17/Apr/2024:08:56:44 +0800] "GET /images/pixe1.gif HTTP/1.1" 200 43 s.test.com "http://yy.aaabbb.net.cn/" "Mozilla/5.0 (iPhone; CPU iPhone OS 13_6 like Mac OS X) AppleWebKit/605.1.15 (KHTML, like Gecko) Version/13.1.2 Mobile/15E148 Safari/604.1"
115.54.62.160 - - [17/Apr/2024:08:57:02 +0800] "GET /images/cloud_bg.png HTTP/2.0" 200 7312 s.test.com "https://guanli.shop.net/style/style.css?v=1.1.62-14" "Mozilla/5.0 (Windows NT 6.1; Win64; x64) AppleWebKit/537.36 (KHTML, like Gecko) Chrome/114.0.5735.289 Safari/537.36"
223.101.142.158 - - [17/Apr/2024:08:59:14 +0800] "GET /images/pixe1.gif HTTP/1.1" 200 43 s.test.com "http://yy.aaabbb.net.cn/" "Mozilla/5.0 (Linux; Android 12; FIN-AL60 Build/HUAWEIFIN-AL60; wv) AppleWebKit/537.36 (KHTML, like Gecko) Version/4.0 Chrome/116.0.0.0 Mobile Safari/537.36 XWEB/1160117 MMWEBSDK/20240301 MMWEBID/3065 MicroMessenger/8.0.48.2580(0x28003052) WeChat/arm64 Weixin NetType/WIFI Language/zh_CN ABI/arm64"
182.202.5.41 - - [17/Apr/2024:09:00:13 +0800] "GET /images/pixe1.gif HTTP/1.1" 200 43 s.test.com "http://yy.aaabbb.net.cn/" "Mozilla/5.0 (Windows NT 10.0; Win64; x64) AppleWebKit/537.36 (KHTML, like Gecko) Chrome/116.0.0.0 Safari/537.36 NetType/WIFI MicroMessenger/7.0.20.1781(0x6700143B) WindowsWechat(0x63090993) XWEB/9115 Flue"
42.233.5.79 - - [17/Apr/2024:09:01:22 +0800] "GET /images/cloud_bg.png HTTP/2.0" 200 7312 s.test.com "https://guanli.shop.net/style/style.css?v=1.1.62-14" "Mozilla/5.0 (Windows NT 6.1; WOW64) AppleWebKit/537.36 (KHTML, like Gecko) Chrome/114.0.5735.289 Safari/537.36"
42.233.5.79 - - [17/Apr/2024:09:01:27 +0800] "GET /images/cloud_bg.png HTTP/2.0" 200 7312 s.test.com "https://guanli.shop.net/style/style.css?v=1.1.62-14" "Mozilla/5.0 (Windows NT 6.1; WOW64) AppleWebKit/537.36 (KHTML, like Gecko) Chrome/114.0.5735.289 Safari/537.36"
42.233.5.79 - - [17/Apr/2024:09:01:29 +0800] "GET /images/cloud_bg.png HTTP/2.0" 200 7312 s.test.com "https://guanli.shop.net/style/style.css?v=1.1.62-14" "Mozilla/5.0 (Windows NT 6.1; WOW64) AppleWebKit/537.36 (KHTML, like Gecko) Chrome/114.0.5735.289 Safari/537.36"
14.212.42.144 - - [17/Apr/2024:09:01:43 +0800] "GET /images/pixe1.gif HTTP/2.0" 200 43 s.test.com "https://yd.test.com/login" "Mozilla/5.0 (Windows NT 6.1; WOW64) AppleWebKit/537.36 (KHTML, like Gecko) Chrome/114.0.5735.289 Safari/537.36"
42.233.5.79 - - [17/Apr/2024:09:01:46 +0800] "GET /images/cloud_bg.png HTTP/2.0" 200 7312 s.test.com "https://guanli.shop.net/style/style.css?v=1.1.62-14" "Mozilla/5.0 (Windows NT 6.1; WOW64) AppleWebKit/537.36 (KHTML, like Gecko) Chrome/114.0.5735.289 Safari/537.36"
61.184.17.85 - - [17/Apr/2024:09:02:35 +0800] "GET / HTTP/1.1" 200 1048 www.test.com "-" "Mozilla/5.0 (Windows NT 10.0; Win64; x64) AppleWebKit/537.36 (KHTML, like Gecko) Chrome/106.0.0.0 Safari/537.36"
111.163.216.252 - - [17/Apr/2024:09:07:26 +0800] "GET /y HTTP/2.0" 301 231 s.test.com "https://m.shop.net/" "Mozilla/5.0 (Linux; Android 12; FNE-AN00 Build/HONORFNE-AN00; wv) AppleWebKit/537.36 (KHTML, like Gecko) Version/4.0 Chrome/116.0.0.0 Mobile Safari/537.36 XWEB/1160117 MMWEBSDK/20240301 MMWEBID/1762 MicroMessenger/8.0.48.2580(0x28003052) WeChat/arm64 Weixin NetType/WIFI Language/zh_CN ABI/arm64"
111.163.216.252 - - [17/Apr/2024:09:07:26 +0800] "GET /y/ HTTP/2.0" 200 98 s.test.com "https://m.shop.net/" "Mozilla/5.0 (Linux; Android 12; FNE-AN00 Build/HONORFNE-AN00; wv) AppleWebKit/537.36 (KHTML, like Gecko) Version/4.0 Chrome/116.0.0.0 Mobile Safari/537.36 XWEB/1160117 MMWEBSDK/20240301 MMWEBID/1762 MicroMessenger/8.0.48.2580(0x28003052) WeChat/arm64 Weixin NetType/WIFI Language/zh_CN ABI/arm64"
61.184.18.214 - - [17/Apr/2024:09:07:53 +0800] "GET / HTTP/1.1" 200 1048 www.test.com "-" "Mozilla/5.0 (Windows NT 10.0; Win64; x64) AppleWebKit/537.36 (KHTML, like Gecko) Chrome/106.0.0.0 Safari/537.36"
140.206.235.82 - - [17/Apr/2024:09:08:20 +0800] "GET /iframe/?u=bg6rea&bid=1372519079 HTTP/1.1" 404 1147 www.test.com "http://www.test.com/iframe/?u=bg6rea&bid=1372519079" "Mozilla/5.0 (Macintosh; Intel Mac OS X 10_15_7) AppleWebKit/537.36 (KHTML, like Gecko) Chrome/114.0.0.0 Safari/537.36"
14.212.42.144 - - [17/Apr/2024:09:08:56 +0800] "GET /images/pixe1.gif HTTP/2.0" 200 43 s.test.com "https://yd.test.com/login" "Mozilla/5.0 (Windows NT 6.1; WOW64) AppleWebKit/537.36 (KHTML, like Gecko) Chrome/122.0.6261.95 Safari/537.36"
18.226.93.209 - - [17/Apr/2024:09:10:36 +0800] "GET /robots.txt HTTP/1.1" 404 1986 www.test.com "-" "claudebot"
18.226.93.209 - - [17/Apr/2024:09:10:37 +0800] "GET /community/?u=modelyu HTTP/1.1" 404 1986 www.test.com "-" "claudebot"
115.54.62.160 - - [17/Apr/2024:09:13:06 +0800] "GET /images/cloud_bg.png HTTP/2.0" 200 7312 s.test.com "https://guanli.shop.net/style/style.css?v=1.1.62-14" "Mozilla/5.0 (Windows NT 6.1; Win64; x64) AppleWebKit/537.36 (KHTML, like Gecko) Chrome/114.0.5735.289 Safari/537.36"
115.54.62.160 - - [17/Apr/2024:09:13:08 +0800] "GET /images/cloud_bg.png HTTP/2.0" 200 7312 s.test.com "https://guanli.shop.net/style/style.css?v=1.1.62-14" "Mozilla/5.0 (Windows NT 6.1; Win64; x64) AppleWebKit/537.36 (KHTML, like Gecko) Chrome/114.0.5735.289 Safari/537.36"
61.184.16.183 - - [17/Apr/2024:09:13:12 +0800] "GET / HTTP/1.1" 200 1048 www.test.com "-" "Mozilla/5.0 (Windows NT 10.0; Win64; x64) AppleWebKit/537.36 (KHTML, like Gecko) Chrome/106.0.0.0 Safari/537.36"
115.54.62.160 - - [17/Apr/2024:09:13:14 +0800] "GET /images/cloud_bg.png HTTP/2.0" 200 7312 s.test.com "https://guanli.shop.net/style/style.css?v=1.1.62-14" "Mozilla/5.0 (Windows NT 6.1; Win64; x64) AppleWebKit/537.36 (KHTML, like Gecko) Chrome/114.0.5735.289 Safari/537.36"
115.54.62.160 - - [17/Apr/2024:09:13:24 +0800] "GET /images/cloud_bg.png HTTP/2.0" 200 7312 s.test.com "https://guanli.shop.net/style/style.css?v=1.1.62-14" "Mozilla/5.0 (Windows NT 6.1; Win64; x64) AppleWebKit/537.36 (KHTML, like Gecko) Chrome/114.0.5735.289 Safari/537.36"
52.230.152.188 - - [17/Apr/2024:09:17:02 +0800] "GET /robots.txt HTTP/1.1" 404 1147 test.com "-" "Mozilla/5.0 AppleWebKit/537.36 (KHTML, like Gecko; compatible; GPTBot/1.0; +https://openai.net/gptbot)"
3.144.27.148 - - [17/Apr/2024:09:18:15 +0800] "GET /robots.txt HTTP/1.1" 404 1986 www.test.com "-" "claudebot"
3.144.27.148 - - [17/Apr/2024:09:18:15 +0800] "GET /shtml201505/p-yigeshuaibi-1431398220.html HTTP/1.1" 404 1986 www.test.com "-" "claudebot"
61.184.16.58 - - [17/Apr/2024:09:18:16 +0800] "GET / HTTP/1.1" 200 1048 www.test.com "-" "Mozilla/5.0 (Windows NT 10.0; Win64; x64) AppleWebKit/537.36 (KHTML, like Gecko) Chrome/106.0.0.0 Safari/537.36"
115.54.62.160 - - [17/Apr/2024:09:19:35 +0800] "GET /images/cloud_bg.png HTTP/2.0" 200 7312 s.test.com "https://guanli.shop.net/style/style.css?v=1.1.62-14" "Mozilla/5.0 (Windows NT 6.1; Win64; x64) AppleWebKit/537.36 (KHTML, like Gecko) Chrome/114.0.5735.289 Safari/537.36"
115.54.62.160 - - [17/Apr/2024:09:19:40 +0800] "GET /images/cloud_bg.png HTTP/2.0" 200 7312 s.test.com "https://guanli.shop.net/style/style.css?v=1.1.62-14" "Mozilla/5.0 (Windows NT 6.1; Win64; x64) AppleWebKit/537.36 (KHTML, like Gecko) Chrome/114.0.5735.289 Safari/537.36"
115.54.62.160 - - [17/Apr/2024:09:21:51 +0800] "GET /y HTTP/2.0" 301 231 s.test.com "https://guanli.shop.net/order/order-list?page=1&top_menu=order&is_divide=&pay_status=all&audit_status=all&date_class=order_time&start_date=2023-10-01&end_date=2024-04-30&delivery_warehouse_id=&receipt_account=&logistics=&search_field=order_number&match_type=like&keyword=DP2024040809620&is_divide=&pay_status=all&audit_status=all&date_class=order_time&start_date=2023-10-01&end_date=2024-04-30&delivery_warehouse_id=&receipt_account=&logistics=&search_field=order_number&match_type=like&keyword=DP2024040809516" "Mozilla/5.0 (Windows NT 6.1; Win64; x64) AppleWebKit/537.36 (KHTML, like Gecko) Chrome/114.0.5735.289 Safari/537.36"
115.54.62.160 - - [17/Apr/2024:09:21:51 +0800] "GET /y/ HTTP/2.0" 200 98 s.test.com "https://guanli.shop.net/order/order-list?page=1&top_menu=order&is_divide=&pay_status=all&audit_status=all&date_class=order_time&start_date=2023-10-01&end_date=2024-04-30&delivery_warehouse_id=&receipt_account=&logistics=&search_field=order_number&match_type=like&keyword=DP2024040809620&is_divide=&pay_status=all&audit_status=all&date_class=order_time&start_date=2023-10-01&end_date=2024-04-30&delivery_warehouse_id=&receipt_account=&logistics=&search_field=order_number&match_type=like&keyword=DP2024040809516" "Mozilla/5.0 (Windows NT 6.1; Win64; x64) AppleWebKit/537.36 (KHTML, like Gecko) Chrome/114.0.5735.289 Safari/537.36"
14.212.42.144 - - [17/Apr/2024:09:23:27 +0800] "GET /images/pixe1.gif HTTP/2.0" 200 43 s.test.com "https://yd.test.com/login" "Mozilla/5.0 (Windows NT 10.0; WOW64) AppleWebKit/537.36 (KHTML, like Gecko) Chrome/114.0.5735.289 Safari/537.36"
27.19.164.115 - - [17/Apr/2024:09:23:51 +0800] "GET / HTTP/1.1" 200 1048 www.test.com "-" "Mozilla/5.0 (Windows NT 10.0; Win64; x64) AppleWebKit/537.36 (KHTML, like Gecko) Chrome/97.0.4280.67 Safari/537.36 Edg/97.0.664.52"
61.184.18.227 - - [17/Apr/2024:09:24:06 +0800] "GET / HTTP/1.1" 200 1048 www.test.com "-" "Mozilla/5.0 (Windows NT 10.0; Win64; x64) AppleWebKit/537.36 (KHTML, like Gecko) Chrome/106.0.0.0 Safari/537.36"
18.224.32.86 - - [17/Apr/2024:09:24:26 +0800] "GET /robots.txt HTTP/1.1" 404 1986 www.test.com "-" "claudebot"
18.224.32.86 - - [17/Apr/2024:09:24:27 +0800] "GET /shtml201211/posts_1353912816.html HTTP/1.1" 404 1986 www.test.com "-" "claudebot"
14.212.42.144 - - [17/Apr/2024:09:25:55 +0800] "GET /images/cloud_bg.png HTTP/2.0" 200 7312 s.test.com "https://yd.test.com/style/home.css?v=1.0.61713317155" "Mozilla/5.0 (Windows NT 10.0; WOW64) AppleWebKit/537.36 (KHTML, like Gecko) Chrome/114.0.5735.289 Safari/537.36"
113.215.189.16 - - [17/Apr/2024:09:26:28 +0800] "GET / HTTP/1.1" 302 - s.test.com "-" "Mozilla/5.0 (Macintosh; Intel Mac OS X 10_15_7) AppleWebKit/605.1.15 (KHTML, like Gecko) Version/14.1.1 Safari/605.1.15"
113.215.189.20 - - [17/Apr/2024:09:26:28 +0800] "GET /404.html HTTP/1.1" 200 23 s.test.com "-" "Mozilla/5.0 (Macintosh; Intel Mac OS X 10_15_7) AppleWebKit/605.1.15 (KHTML, like Gecko) Version/14.1.1 Safari/605.1.15"
113.215.189.18 - - [17/Apr/2024:09:26:28 +0800] "GET / HTTP/1.1" 302 - s.test.com "-" "Mozilla/5.0 (Windows NT 10.0; Win64; x64) AppleWebKit/537.36 (KHTML, like Gecko) Chrome/48.0.8474.866 Safari/537.36 TheWorld 7"
113.215.189.20 - - [17/Apr/2024:09:26:28 +0800] "GET /404.html HTTP/1.1" 200 23 s.test.com "-" "Mozilla/5.0 (Windows NT 10.0; Win64; x64) AppleWebKit/537.36 (KHTML, like Gecko) Chrome/48.0.8474.866 Safari/537.36 TheWorld 7"
113.215.189.19 - - [17/Apr/2024:09:26:28 +0800] "GET /favicon.ico HTTP/1.1" 404 23 s.test.com "-" "Mozilla/5.0 (Windows NT 10.0; Win64; x64) AppleWebKit/537.36 (KHTML, like Gecko) Chrome/48.0.8474.866 Safari/537.36 TheWorld 7"
14.212.42.144 - - [17/Apr/2024:09:26:45 +0800] "GET /images/cloud_bg.png HTTP/2.0" 200 7312 s.test.com "https://yd.test.com/style/home.css?v=1.0.61713317204" "Mozilla/5.0 (Windows NT 10.0; WOW64) AppleWebKit/537.36 (KHTML, like Gecko) Chrome/114.0.5735.289 Safari/537.36"
14.212.42.144 - - [17/Apr/2024:09:27:20 +0800] "GET /images/pixe1.gif HTTP/2.0" 200 43 s.test.com "https://yd.test.com/login" "Mozilla/5.0 (Windows NT 6.1; WOW64) AppleWebKit/537.36 (KHTML, like Gecko) Chrome/114.0.5735.289 Safari/537.36"
14.212.42.144 - - [17/Apr/2024:09:28:42 +0800] "GET /images/cloud_bg.png HTTP/2.0" 200 7312 s.test.com "https://yd.test.com/style/home.css?v=1.0.61713317320" "Mozilla/5.0 (Windows NT 6.1; WOW64) AppleWebKit/537.36 (KHTML, like Gecko) Chrome/114.0.5735.289 Safari/537.36"
14.212.42.144 - - [17/Apr/2024:09:28:56 +0800] "GET /images/cloud_bg.png HTTP/2.0" 200 7312 s.test.com "https://yd.test.com/style/home.css?v=1.0.61713317335" "Mozilla/5.0 (Windows NT 6.1; WOW64) AppleWebKit/537.36 (KHTML, like Gecko) Chrome/114.0.5735.289 Safari/537.36"
18.218.129.100 - - [17/Apr/2024:09:30:28 +0800] "GET /robots.txt HTTP/1.1" 404 1986 www.test.com "-" "claudebot"
18.218.129.100 - - [17/Apr/2024:09:30:29 +0800] "GET /shtml201707/p-eggrher-1501165900.html HTTP/1.1" 404 1986 www.test.com "-" "claudebot"
115.54.62.160 - - [17/Apr/2024:09:31:03 +0800] "GET /images/cloud_bg.png HTTP/2.0" 200 7312 s.test.com "https://guanli.shop.net/style/style.css?v=1.1.62-14" "Mozilla/5.0 (Windows NT 6.1; Win64; x64) AppleWebKit/537.36 (KHTML, like Gecko) Chrome/114.0.5735.289 Safari/537.36"
110.249.201.198 - - [17/Apr/2024:09:32:26 +0800] "GET /robots.txt HTTP/1.1" 403 46 www.test.com "-" "Mozilla/5.0 (Linux; Android 5.0) AppleWebKit/537.36 (KHTML, like Gecko) Mobile Safari/537.36 (compatible; Bytespider; https://zhanzhang.toutiao.net/)"
115.54.62.160 - - [17/Apr/2024:09:32:34 +0800] "GET /images/cloud_bg.png HTTP/2.0" 200 7312 s.test.com "https://guanli.shop.net/style/style.css?v=1.1.62-14" "Mozilla/5.0 (Windows NT 6.1; Win64; x64) AppleWebKit/537.36 (KHTML, like Gecko) Chrome/114.0.5735.289 Safari/537.36"
61.184.16.46 - - [17/Apr/2024:09:32:37 +0800] "GET / HTTP/1.1" 200 1048 www.test.com "-" "Mozilla/5.0 (Windows NT 10.0; Win64; x64) AppleWebKit/537.36 (KHTML, like Gecko) Chrome/106.0.0.0 Safari/537.36"
14.212.42.144 - - [17/Apr/2024:09:32:44 +0800] "GET /images/cloud_bg.png HTTP/2.0" 200 7312 s.test.com "https://yd.test.com/style/home.css?v=1.0.61713317563" "Mozilla/5.0 (Windows NT 10.0; WOW64) AppleWebKit/537.36 (KHTML, like Gecko) Chrome/114.0.5735.289 Safari/537.36"
115.54.62.160 - - [17/Apr/2024:09:33:34 +0800] "GET /images/cloud_bg.png HTTP/2.0" 200 7312 s.test.com "https://guanli.shop.net/style/style.css?v=1.1.62-14" "Mozilla/5.0 (Windows NT 6.1; Win64; x64) AppleWebKit/537.36 (KHTML, like Gecko) Chrome/114.0.5735.289 Safari/537.36"
14.212.42.144 - - [17/Apr/2024:09:33:35 +0800] "GET /images/cloud_bg.png HTTP/2.0" 200 7312 s.test.com "https://yd.test.com/style/home.css?v=1.0.61713317614" "Mozilla/5.0 (Windows NT 10.0; WOW64) AppleWebKit/537.36 (KHTML, like Gecko) Chrome/114.0.5735.289 Safari/537.36"
115.54.62.160 - - [17/Apr/2024:09:33:37 +0800] "GET /images/cloud_bg.png HTTP/2.0" 200 7312 s.test.com "https://guanli.shop.net/style/style.css?v=1.1.62-14" "Mozilla/5.0 (Windows NT 6.1; Win64; x64) AppleWebKit/537.36 (KHTML, like Gecko) Chrome/114.0.5735.289 Safari/537.36"
14.212.42.144 - - [17/Apr/2024:09:33:42 +0800] "GET /images/cloud_bg.png HTTP/2.0" 200 7312 s.test.com "https://yd.test.com/style/home.css?v=1.0.61713317621" "Mozilla/5.0 (Windows NT 10.0; WOW64) AppleWebKit/537.36 (KHTML, like Gecko) Chrome/114.0.5735.289 Safari/537.36"
3.138.138.144 - - [17/Apr/2024:09:33:55 +0800] "GET /robots.txt HTTP/1.1" 404 1986 www.test.com "-" "claudebot"
3.138.138.144 - - [17/Apr/2024:09:33:56 +0800] "GET /shtml201704/p-wxsanmiao-1493343819.html HTTP/1.1" 404 1986 www.test.com "-" "claudebot"
14.212.42.144 - - [17/Apr/2024:09:34:02 +0800] "GET /images/cloud_bg.png HTTP/2.0" 200 7312 s.test.com "https://yd.test.com/style/home.css?v=1.0.61713317641" "Mozilla/5.0 (Windows NT 10.0; WOW64) AppleWebKit/537.36 (KHTML, like Gecko) Chrome/114.0.5735.289 Safari/537.36"
14.212.42.144 - - [17/Apr/2024:09:34:09 +0800] "GET /images/cloud_bg.png HTTP/2.0" 200 7312 s.test.com "https://yd.test.com/style/home.css?v=1.0.61713317649" "Mozilla/5.0 (Windows NT 10.0; WOW64) AppleWebKit/537.36 (KHTML, like Gecko) Chrome/114.0.5735.289 Safari/537.36"
115.54.62.160 - - [17/Apr/2024:09:34:17 +0800] "GET /images/cloud_bg.png HTTP/2.0" 200 7312 s.test.com "https://guanli.shop.net/style/style.css?v=1.1.62-14" "Mozilla/5.0 (Windows NT 6.1; Win64; x64) AppleWebKit/537.36 (KHTML, like Gecko) Chrome/114.0.5735.289 Safari/537.36"
115.54.62.160 - - [17/Apr/2024:09:34:20 +0800] "GET /images/cloud_bg.png HTTP/2.0" 200 7312 s.test.com "https://guanli.shop.net/style/style.css?v=1.1.62-14" "Mozilla/5.0 (Windows NT 6.1; Win64; x64) AppleWebKit/537.36 (KHTML, like Gecko) Chrome/114.0.5735.289 Safari/537.36"
115.54.62.160 - - [17/Apr/2024:09:34:29 +0800] "GET /images/cloud_bg.png HTTP/2.0" 200 7312 s.test.com "https://guanli.shop.net/style/style.css?v=1.1.62-14" "Mozilla/5.0 (Windows NT 6.1; Win64; x64) AppleWebKit/537.36 (KHTML, like Gecko) Chrome/114.0.5735.289 Safari/537.36"
115.54.62.160 - - [17/Apr/2024:09:34:34 +0800] "GET /images/cloud_bg.png HTTP/2.0" 200 7312 s.test.com "https://guanli.shop.net/style/style.css?v=1.1.62-14" "Mozilla/5.0 (Windows NT 6.1; Win64; x64) AppleWebKit/537.36 (KHTML, like Gecko) Chrome/114.0.5735.289 Safari/537.36"
116.179.33.21 - - [17/Apr/2024:09:34:41 +0800] "GET /y HTTP/1.1" 301 230 s.test.com "http://m.shop.net/" "Mozilla/5.0 (iPhone; CPU iPhone OS 13_2_3 like Mac OS X) AppleWebKit/605.1.15 (KHTML, like Gecko) Version/13.0.3 Mobile/15E148 Safari/604.1"
116.179.33.202 - - [17/Apr/2024:09:34:41 +0800] "GET /y/ HTTP/1.1" 200 98 s.test.com "http://m.shop.net/" "Mozilla/5.0 (iPhone; CPU iPhone OS 13_2_3 like Mac OS X) AppleWebKit/605.1.15 (KHTML, like Gecko) Version/13.0.3 Mobile/15E148 Safari/604.1"
115.54.62.160 - - [17/Apr/2024:09:34:44 +0800] "GET /images/cloud_bg.png HTTP/2.0" 200 7312 s.test.com "https://guanli.shop.net/style/style.css?v=1.1.62-14" "Mozilla/5.0 (Windows NT 6.1; Win64; x64) AppleWebKit/537.36 (KHTML, like Gecko) Chrome/114.0.5735.289 Safari/537.36"
115.54.62.160 - - [17/Apr/2024:09:34:50 +0800] "GET /images/cloud_bg.png HTTP/2.0" 200 7312 s.test.com "https://guanli.shop.net/style/style.css?v=1.1.62-14" "Mozilla/5.0 (Windows NT 6.1; Win64; x64) AppleWebKit/537.36 (KHTML, like Gecko) Chrome/114.0.5735.289 Safari/537.36"
115.54.62.160 - - [17/Apr/2024:09:36:05 +0800] "GET /images/cloud_bg.png HTTP/2.0" 200 7312 s.test.com "https://guanli.shop.net/style/style.css?v=1.1.62-14" "Mozilla/5.0 (Windows NT 6.1; Win64; x64) AppleWebKit/537.36 (KHTML, like Gecko) Chrome/114.0.5735.289 Safari/537.36"
14.212.42.144 - - [17/Apr/2024:09:37:12 +0800] "GET /images/cloud_bg.png HTTP/2.0" 200 7312 s.test.com "https://yd.test.com/style/home.css?v=1.0.61713317831" "Mozilla/5.0 (Windows NT 6.1; WOW64) AppleWebKit/537.36 (KHTML, like Gecko) Chrome/114.0.5735.289 Safari/537.36"
18.221.187.121 - - [17/Apr/2024:09:40:20 +0800] "GET /robots.txt HTTP/1.1" 404 1986 www.test.com "-" "claudebot"
18.221.187.121 - - [17/Apr/2024:09:40:21 +0800] "GET /plist0.php?tid=3&page=17 HTTP/1.1" 404 1986 www.test.com "-" "claudebot"
115.54.62.160 - - [17/Apr/2024:09:41:48 +0800] "GET /images/cloud_bg.png HTTP/2.0" 200 7312 s.test.com "https://guanli.shop.net/style/style.css?v=1.1.62-14" "Mozilla/5.0 (Windows NT 6.1; Win64; x64) AppleWebKit/537.36 (KHTML, like Gecko) Chrome/114.0.5735.289 Safari/537.36"
61.184.19.99 - - [17/Apr/2024:09:42:17 +0800] "GET / HTTP/1.1" 200 1048 www.test.com "-" "Mozilla/5.0 (Windows NT 10.0; Win64; x64) AppleWebKit/537.36 (KHTML, like Gecko) Chrome/106.0.0.0 Safari/537.36"
115.54.62.160 - - [17/Apr/2024:09:45:41 +0800] "GET /images/cloud_bg.png HTTP/2.0" 200 7312 s.test.com "https://guanli.shop.net/style/style.css?v=1.1.62-14" "Mozilla/5.0 (Windows NT 6.1; Win64; x64) AppleWebKit/537.36 (KHTML, like Gecko) Chrome/114.0.5735.289 Safari/537.36"
116.6.205.68 - - [17/Apr/2024:09:46:46 +0800] "GET /y HTTP/2.0" 301 231 s.test.com "https://ydsc.ydds.net/" "Mozilla/5.0 (iPhone; CPU iPhone OS 17_4_1 like Mac OS X) AppleWebKit/605.1.15 (KHTML, like Gecko) Mobile/15E148 MicroMessenger/8.0.48(0x18003030) NetType/WIFI Language/zh_TW"
116.6.205.68 - - [17/Apr/2024:09:46:46 +0800] "GET /y/ HTTP/2.0" 200 98 s.test.com "https://ydsc.ydds.net/" "Mozilla/5.0 (iPhone; CPU iPhone OS 17_4_1 like Mac OS X) AppleWebKit/605.1.15 (KHTML, like Gecko) Mobile/15E148 MicroMessenger/8.0.48(0x18003030) NetType/WIFI Language/zh_TW"
115.54.62.160 - - [17/Apr/2024:09:48:06 +0800] "GET /images/cloud_bg.png HTTP/2.0" 200 7312 s.test.com "https://guanli.shop.net/style/style.css?v=1.1.62-14" "Mozilla/5.0 (Windows NT 6.1; Win64; x64) AppleWebKit/537.36 (KHTML, like Gecko) Chrome/114.0.5735.289 Safari/537.36"
61.184.18.209 - - [17/Apr/2024:09:50:14 +0800] "GET / HTTP/1.1" 200 1048 www.test.com "-" "Mozilla/5.0 (Windows NT 10.0; Win64; x64) AppleWebKit/537.36 (KHTML, like Gecko) Chrome/106.0.0.0 Safari/537.36"
3.141.244.201 - - [17/Apr/2024:09:50:17 +0800] "GET /robots.txt HTTP/1.1" 404 1986 www.test.com "-" "claudebot"
3.141.244.201 - - [17/Apr/2024:09:50:18 +0800] "GET /shtml201804/p-tmjmxwx2019-1522804442.html HTTP/1.1" 404 1986 www.test.com "-" "claudebot"
115.54.62.160 - - [17/Apr/2024:09:52:35 +0800] "GET /y/ HTTP/2.0" 200 98 s.test.com "https://store.shop.net/order-v2/set-logistics?ids=485017" "Mozilla/5.0 (Windows NT 6.1; Win64; x64) AppleWebKit/537.36 (KHTML, like Gecko) Chrome/114.0.5735.289 Safari/537.36"
14.212.42.144 - - [17/Apr/2024:09:53:41 +0800] "GET /images/cloud_bg.png HTTP/2.0" 200 7312 s.test.com "https://yd.test.com/style/home.css?v=1.0.61713318820" "Mozilla/5.0 (Windows NT 6.1; WOW64) AppleWebKit/537.36 (KHTML, like Gecko) Chrome/114.0.5735.289 Safari/537.36"
14.212.42.144 - - [17/Apr/2024:09:53:45 +0800] "GET /images/cloud_bg.png HTTP/2.0" 200 7312 s.test.com "https://yd.test.com/style/home.css?v=1.0.61713318824" "Mozilla/5.0 (Windows NT 6.1; WOW64) AppleWebKit/537.36 (KHTML, like Gecko) Chrome/114.0.5735.289 Safari/537.36"
14.212.42.144 - - [17/Apr/2024:09:55:31 +0800] "GET /images/cloud_bg.png HTTP/2.0" 200 7312 s.test.com "https://yd.test.com/style/home.css?v=1.0.61713318930" "Mozilla/5.0 (Windows NT 6.1; WOW64) AppleWebKit/537.36 (KHTML, like Gecko) Chrome/114.0.5735.289 Safari/537.36"
18.223.108.186 - - [17/Apr/2024:09:55:39 +0800] "GET /robots.txt HTTP/1.1" 404 1986 www.test.com "-" "claudebot"
18.223.108.186 - - [17/Apr/2024:09:55:39 +0800] "GET /blog/?u=fanfan1012 HTTP/1.1" 404 1986 www.test.com "-" "claudebot"
14.212.42.144 - - [17/Apr/2024:09:55:52 +0800] "GET /images/cloud_bg.png HTTP/2.0" 200 7312 s.test.com "https://yd.test.com/style/home.css?v=1.0.61713318951" "Mozilla/5.0 (Windows NT 6.1; WOW64) AppleWebKit/537.36 (KHTML, like Gecko) Chrome/114.0.5735.289 Safari/537.36"
14.212.42.144 - - [17/Apr/2024:09:55:59 +0800] "GET /images/cloud_bg.png HTTP/2.0" 200 7312 s.test.com "https://yd.test.com/style/home.css?v=1.0.61713318958" "Mozilla/5.0 (Windows NT 6.1; WOW64) AppleWebKit/537.36 (KHTML, like Gecko) Chrome/114.0.5735.289 Safari/537.36"
103.24.219.56 - - [17/Apr/2024:09:56:15 +0800] "GET / HTTP/1.1" 200 1048 www.test.com "-" "Mozilla/5.0 (Windows NT 10.0; Win64; x64) AppleWebKit/537.36 (KHTML, like Gecko) Chrome/97.0.4280.67 Safari/537.36 Edg/97.0.664.52"
115.54.62.160 - - [17/Apr/2024:09:56:35 +0800] "GET /images/cloud_bg.png HTTP/2.0" 200 7312 s.test.com "https://guanli.shop.net/style/style.css?v=1.1.62-14" "Mozilla/5.0 (Windows NT 6.1; Win64; x64) AppleWebKit/537.36 (KHTML, like Gecko) Chrome/114.0.5735.289 Safari/537.36"
115.54.62.160 - - [17/Apr/2024:09:56:37 +0800] "GET /images/cloud_bg.png HTTP/2.0" 200 7312 s.test.com "https://guanli.shop.net/style/style.css?v=1.1.62-14" "Mozilla/5.0 (Windows NT 6.1; Win64; x64) AppleWebKit/537.36 (KHTML, like Gecko) Chrome/114.0.5735.289 Safari/537.36"
115.54.62.160 - - [17/Apr/2024:09:59:18 +0800] "GET /images/cloud_bg.png HTTP/2.0" 200 7312 s.test.com "https://guanli.shop.net/style/style.css?v=1.1.62-14" "Mozilla/5.0 (Windows NT 6.1; Win64; x64) AppleWebKit/537.36 (KHTML, like Gecko) Chrome/114.0.5735.289 Safari/537.36"
115.54.62.160 - - [17/Apr/2024:09:59:22 +0800] "GET /images/cloud_bg.png HTTP/2.0" 200 7312 s.test.com "https://guanli.shop.net/style/style.css?v=1.1.62-14" "Mozilla/5.0 (Windows NT 6.1; Win64; x64) AppleWebKit/537.36 (KHTML, like Gecko) Chrome/114.0.5735.289 Safari/537.36"
115.54.62.160 - - [17/Apr/2024:09:59:31 +0800] "GET /images/cloud_bg.png HTTP/2.0" 200 7312 s.test.com "https://guanli.shop.net/style/style.css?v=1.1.62-14" "Mozilla/5.0 (Windows NT 6.1; Win64; x64) AppleWebKit/537.36 (KHTML, like Gecko) Chrome/114.0.5735.289 Safari/537.36"
115.54.62.160 - - [17/Apr/2024:09:59:40 +0800] "GET /images/cloud_bg.png HTTP/2.0" 200 7312 s.test.com "https://guanli.shop.net/style/style.css?v=1.1.62-14" "Mozilla/5.0 (Windows NT 6.1; Win64; x64) AppleWebKit/537.36 (KHTML, like Gecko) Chrome/114.0.5735.289 Safari/537.36"
61.184.16.253 - - [17/Apr/2024:10:00:53 +0800] "GET / HTTP/1.1" 200 1048 www.test.com "-" "Mozilla/5.0 (Windows NT 10.0; Win64; x64) AppleWebKit/537.36 (KHTML, like Gecko) Chrome/106.0.0.0 Safari/537.36"
14.212.42.144 - - [17/Apr/2024:10:01:03 +0800] "GET /images/pixe1.gif HTTP/2.0" 200 43 s.test.com "https://yd.test.com/" "Mozilla/5.0 (Windows NT 10.0; Win64; x64) AppleWebKit/537.36 (KHTML, like Gecko) Chrome/123.0.0.0 Safari/537.36 Edg/123.0.0.0"
14.212.42.144 - - [17/Apr/2024:10:01:08 +0800] "GET /images/cloud_bg.png HTTP/2.0" 200 7312 s.test.com "https://yd.test.com/" "Mozilla/5.0 (Windows NT 10.0; Win64; x64) AppleWebKit/537.36 (KHTML, like Gecko) Chrome/123.0.0.0 Safari/537.36 Edg/123.0.0.0"
14.212.42.144 - - [17/Apr/2024:10:01:12 +0800] "GET /images/cloud_bg.png HTTP/2.0" 200 7312 s.test.com "https://yd.test.com/" "Mozilla/5.0 (Windows NT 10.0; Win64; x64) AppleWebKit/537.36 (KHTML, like Gecko) Chrome/123.0.0.0 Safari/537.36 Edg/123.0.0.0"
42.233.5.79 - - [17/Apr/2024:10:01:17 +0800] "GET /images/cloud_bg.png HTTP/2.0" 200 7312 s.test.com "https://guanli.shop.net/style/style.css?v=1.1.62-14" "Mozilla/5.0 (Windows NT 6.1; WOW64) AppleWebKit/537.36 (KHTML, like Gecko) Chrome/114.0.5735.289 Safari/537.36"
14.212.42.144 - - [17/Apr/2024:10:01:27 +0800] "GET /images/cloud_bg.png HTTP/2.0" 200 7312 s.test.com "https://yd.test.com/" "Mozilla/5.0 (Windows NT 10.0; Win64; x64) AppleWebKit/537.36 (KHTML, like Gecko) Chrome/123.0.0.0 Safari/537.36 Edg/123.0.0.0"
14.212.42.144 - - [17/Apr/2024:10:01:30 +0800] "GET /images/cloud_bg.png HTTP/2.0" 200 7312 s.test.com "https://yd.test.com/" "Mozilla/5.0 (Windows NT 10.0; Win64; x64) AppleWebKit/537.36 (KHTML, like Gecko) Chrome/123.0.0.0 Safari/537.36 Edg/123.0.0.0"
14.212.42.144 - - [17/Apr/2024:10:02:29 +0800] "GET /images/cloud_bg.png HTTP/2.0" 200 7312 s.test.com "https://yd.test.com/" "Mozilla/5.0 (Windows NT 10.0; Win64; x64) AppleWebKit/537.36 (KHTML, like Gecko) Chrome/123.0.0.0 Safari/537.36 Edg/123.0.0.0"
14.212.42.144 - - [17/Apr/2024:10:02:46 +0800] "GET /images/cloud_bg.png HTTP/2.0" 200 7312 s.test.com "https://yd.test.com/" "Mozilla/5.0 (Windows NT 10.0; Win64; x64) AppleWebKit/537.36 (KHTML, like Gecko) Chrome/123.0.0.0 Safari/537.36 Edg/123.0.0.0"
14.212.42.144 - - [17/Apr/2024:10:04:00 +0800] "GET /images/cloud_bg.png HTTP/2.0" 200 7312 s.test.com "https://yd.test.com/style/home.css?v=1.0.61713319438" "Mozilla/5.0 (Windows NT 6.1; WOW64) AppleWebKit/537.36 (KHTML, like Gecko) Chrome/114.0.5735.289 Safari/537.36"
218.28.225.234 - - [17/Apr/2024:10:05:01 +0800] "GET /images/pixe1.gif HTTP/1.1" 200 43 s.test.com "https://www.shop.net/" "Mozilla/5.0 (Windows NT 6.1; WOW64) AppleWebKit/536.6 (KHTML, like Gecko) Chrome/20.0.1092.0 Safari/536.6"
42.233.5.79 - - [17/Apr/2024:10:06:46 +0800] "GET /images/cloud_bg.png HTTP/2.0" 200 7312 s.test.com "https://guanli.shop.net/style/style.css?v=1.1.62-14" "Mozilla/5.0 (Windows NT 6.1; WOW64) AppleWebKit/537.36 (KHTML, like Gecko) Chrome/114.0.5735.289 Safari/537.36"
3.141.47.221 - - [17/Apr/2024:10:08:05 +0800] "GET /robots.txt HTTP/1.1" 404 1986 www.test.com "-" "claudebot"
3.141.47.221 - - [17/Apr/2024:10:08:06 +0800] "GET /shtml201801/p-qiu515-1514882027.html HTTP/1.1" 404 1986 www.test.com "-" "claudebot"
135.125.205.117 - - [17/Apr/2024:10:08:17 +0800] "GET /wp-head.php HTTP/1.1" 404 1986 www.test.com "-" "Mozilla/5.0 (Windows NT 6.0; Win64; x64) AppleWebKit/537.36 (KHTML, like Gecko) Chrome/65.0.3152.119 Safari/537.36"
135.125.205.117 - - [17/Apr/2024:10:08:57 +0800] "GET /index.php HTTP/1.1" 200 1951 www.test.com "-" "Mozilla/5.0 (Windows NT 6.0; Win64; x64) AppleWebKit/537.36 (KHTML, like Gecko) Chrome/65.0.3152.119 Safari/537.36"
135.125.205.117 - - [17/Apr/2024:10:09:50 +0800] "GET /wp-checkbex.php HTTP/1.1" 404 1986 www.test.com "-" "Mozilla/5.0 (Windows NT 6.0; Win64; x64) AppleWebKit/537.36 (KHTML, like Gecko) Chrome/65.0.3152.119 Safari/537.36"
59.83.208.104 - - [17/Apr/2024:10:11:30 +0800] "GET /images_all/image2017/09-2/pos_kuaijiyu_20170911185549_2_26_68.jpg HTTP/1.1" 404 1147 www.test.com "http://www.hbbs.net/" "Mozilla/5.0 (iPhone; CPU iPhone OS 13_7 like Mac OS X) AppleWebKit/605.1.15 (KHTML, like Gecko) Version/13.1 Mobile/15E148 Safari/604.1"
180.101.245.250 - - [17/Apr/2024:10:11:30 +0800] "GET /images_all/image2017/10-2/repos_kuaijiyu_20171013172755_2_68_26.jpg HTTP/1.1" 404 1147 www.test.com "http://www.hbbs.net/" "Mozilla/5.0 (iPhone; CPU iPhone OS 13_7 like Mac OS X) AppleWebKit/605.1.15 (KHTML, like Gecko) Version/13.1 Mobile/15E148 Safari/604.1"
180.101.245.252 - - [17/Apr/2024:10:11:30 +0800] "GET /images_all/image2017/09-2/pos_kuaijiyu_20170911185549_4_20_54.jpg HTTP/1.1" 404 1147 www.test.com "http://www.hbbs.net/" "Mozilla/5.0 (iPhone; CPU iPhone OS 13_7 like Mac OS X) AppleWebKit/605.1.15 (KHTML, like Gecko) Version/13.1 Mobile/15E148 Safari/604.1"
180.101.244.15 - - [17/Apr/2024:10:11:30 +0800] "GET /images_all/image2017/09-2/pos_kuaijiyu_20170911185549_3_6_33.jpg HTTP/1.1" 404 1147 www.test.com "http://www.hbbs.net/" "Mozilla/5.0 (iPhone; CPU iPhone OS 13_7 like Mac OS X) AppleWebKit/605.1.15 (KHTML, like Gecko) Version/13.1 Mobile/15E148 Safari/604.1"
59.83.208.103 - - [17/Apr/2024:10:11:30 +0800] "GET /images_all/image2017/09-2/pos_kuaijiyu_20170911185549_1_33_61.jpg HTTP/1.1" 404 1147 www.test.com "http://www.hbbs.net/" "Mozilla/5.0 (iPhone; CPU iPhone OS 13_7 like Mac OS X) AppleWebKit/605.1.15 (KHTML, like Gecko) Version/13.1 Mobile/15E148 Safari/604.1"
59.83.208.105 - - [17/Apr/2024:10:11:30 +0800] "GET /images_all/image2017/10-2/repos_kuaijiyu_20171013172755_1_51_95.jpg HTTP/1.1" 404 1147 www.test.com "http://www.hbbs.net/" "Mozilla/5.0 (iPhone; CPU iPhone OS 13_7 like Mac OS X) AppleWebKit/605.1.15 (KHTML, like Gecko) Version/13.1 Mobile/15E148 Safari/604.1"
180.101.244.12 - - [17/Apr/2024:10:11:30 +0800] "GET /images_all/image2017/09-2/pos_kuaijiyu_20170911185549_2_26_68.jpg HTTP/1.1" 404 1147 www.test.com "http://www.hbbs.net/" "Mozilla/5.0 (iPhone; CPU iPhone OS 13_7 like Mac OS X) AppleWebKit/605.1.15 (KHTML, like Gecko) Version/13.1 Mobile/15E148 Safari/604.1"
59.83.208.107 - - [17/Apr/2024:10:11:30 +0800] "GET /images_all/image2017/10-2/repos_kuaijiyu_20171013172756_3_93_30.jpg HTTP/1.1" 404 1147 www.test.com "http://www.hbbs.net/" "Mozilla/5.0 (iPhone; CPU iPhone OS 13_7 like Mac OS X) AppleWebKit/605.1.15 (KHTML, like Gecko) Version/13.1 Mobile/15E148 Safari/604.1"
59.83.208.106 - - [17/Apr/2024:10:11:30 +0800] "GET /images_all/image2017/10-2/repos_kuaijiyu_20171013172755_2_68_26.jpg HTTP/1.1" 404 1147 www.test.com "http://www.hbbs.net/" "Mozilla/5.0 (iPhone; CPU iPhone OS 13_7 like Mac OS X) AppleWebKit/605.1.15 (KHTML, like Gecko) Version/13.1 Mobile/15E148 Safari/604.1"
180.101.245.249 - - [17/Apr/2024:10:11:30 +0800] "GET /images_all/image2017/09-2/pos_kuaijiyu_20170911185549_4_20_54.jpg HTTP/1.1" 404 1147 www.test.com "http://www.hbbs.net/" "Mozilla/5.0 (iPhone; CPU iPhone OS 13_7 like Mac OS X) AppleWebKit/605.1.15 (KHTML, like Gecko) Version/13.1 Mobile/15E148 Safari/604.1"
180.101.245.252 - - [17/Apr/2024:10:11:30 +0800] "GET /images_all/image2017/09-2/pos_kuaijiyu_20170911185549_3_6_33.jpg HTTP/1.1" 404 1147 www.test.com "http://www.hbbs.net/" "Mozilla/5.0 (iPhone; CPU iPhone OS 13_7 like Mac OS X) AppleWebKit/605.1.15 (KHTML, like Gecko) Version/13.1 Mobile/15E148 Safari/604.1"
180.101.244.16 - - [17/Apr/2024:10:11:30 +0800] "GET /images_all/image2017/09-2/pos_kuaijiyu_20170911185549_1_33_61.jpg HTTP/1.1" 404 1147 www.test.com "http://www.hbbs.net/" "Mozilla/5.0 (iPhone; CPU iPhone OS 13_7 like Mac OS X) AppleWebKit/605.1.15 (KHTML, like Gecko) Version/13.1 Mobile/15E148 Safari/604.1"
180.101.244.13 - - [17/Apr/2024:10:11:30 +0800] "GET /images_all/image2017/10-2/repos_kuaijiyu_20171013172755_1_51_95.jpg HTTP/1.1" 404 1147 www.test.com "http://www.hbbs.net/" "Mozilla/5.0 (iPhone; CPU iPhone OS 13_7 like Mac OS X) AppleWebKit/605.1.15 (KHTML, like Gecko) Version/13.1 Mobile/15E148 Safari/604.1"
180.101.244.14 - - [17/Apr/2024:10:11:30 +0800] "GET /images_all/image2017/09-2/pos_kuaijiyu_20170911185549_2_26_68.jpg HTTP/1.1" 404 1147 www.test.com "http://www.hbbs.net/" "Mozilla/5.0 (iPhone; CPU iPhone OS 13_7 like Mac OS X) AppleWebKit/605.1.15 (KHTML, like Gecko) Version/13.1 Mobile/15E148 Safari/604.1"
59.83.208.103 - - [17/Apr/2024:10:11:30 +0800] "GET /images_all/image2017/10-2/repos_kuaijiyu_20171013172756_3_93_30.jpg HTTP/1.1" 404 1147 www.test.com "http://www.hbbs.net/" "Mozilla/5.0 (iPhone; CPU iPhone OS 13_7 like Mac OS X) AppleWebKit/605.1.15 (KHTML, like Gecko) Version/13.1 Mobile/15E148 Safari/604.1"
180.101.245.249 - - [17/Apr/2024:10:11:30 +0800] "GET /images_all/image2017/10-2/repos_kuaijiyu_20171013172755_2_68_26.jpg HTTP/1.1" 404 1147 www.test.com "http://www.hbbs.net/" "Mozilla/5.0 (iPhone; CPU iPhone OS 13_7 like Mac OS X) AppleWebKit/605.1.15 (KHTML, like Gecko) Version/13.1 Mobile/15E148 Safari/604.1"
180.101.245.250 - - [17/Apr/2024:10:11:30 +0800] "GET /images_all/image2017/09-2/pos_kuaijiyu_20170911185549_4_20_54.jpg HTTP/1.1" 404 1147 www.test.com "http://www.hbbs.net/" "Mozilla/5.0 (iPhone; CPU iPhone OS 13_7 like Mac OS X) AppleWebKit/605.1.15 (KHTML, like Gecko) Version/13.1 Mobile/15E148 Safari/604.1"
129.211.166.123 - - [17/Apr/2024:10:11:30 +0800] "GET /images_all/image2017/09-2/pos_kuaijiyu_20170911185549_3_6_33.jpg HTTP/1.1" 404 1147 www.test.com "http://www.hbbs.net/" "Mozilla/5.0 (iPhone; CPU iPhone OS 13_7 like Mac OS X) AppleWebKit/605.1.15 (KHTML, like Gecko) Version/13.1 Mobile/15E148 Safari/604.1"
180.101.244.16 - - [17/Apr/2024:10:11:31 +0800] "GET /images_all/image2017/09-2/pos_kuaijiyu_20170911185549_2_26_68.jpg HTTP/1.1" 404 1147 www.test.com "http://www.hbbs.net/" "Mozilla/5.0 (iPhone; CPU iPhone OS 13_7 like Mac OS X) AppleWebKit/605.1.15 (KHTML, like Gecko) Version/13.1 Mobile/15E148 Safari/604.1"
180.101.244.16 - - [17/Apr/2024:10:11:31 +0800] "GET /images_all/image2017/09-2/pos_kuaijiyu_20170911185549_1_33_61.jpg HTTP/1.1" 404 1147 www.test.com "http://www.hbbs.net/" "Mozilla/5.0 (iPhone; CPU iPhone OS 13_7 like Mac OS X) AppleWebKit/605.1.15 (KHTML, like Gecko) Version/13.1 Mobile/15E148 Safari/604.1"
180.101.244.14 - - [17/Apr/2024:10:11:31 +0800] "GET /images_all/image2017/10-2/repos_kuaijiyu_20171013172755_1_51_95.jpg HTTP/1.1" 404 1147 www.test.com "http://www.hbbs.net/" "Mozilla/5.0 (iPhone; CPU iPhone OS 13_7 like Mac OS X) AppleWebKit/605.1.15 (KHTML, like Gecko) Version/13.1 Mobile/15E148 Safari/604.1"
59.83.208.106 - - [17/Apr/2024:10:11:31 +0800] "GET /images_all/image2017/10-2/repos_kuaijiyu_20171013172756_3_93_30.jpg HTTP/1.1" 404 1147 www.test.com "http://www.hbbs.net/" "Mozilla/5.0 (iPhone; CPU iPhone OS 13_7 like Mac OS X) AppleWebKit/605.1.15 (KHTML, like Gecko) Version/13.1 Mobile/15E148 Safari/604.1"
180.101.245.253 - - [17/Apr/2024:10:11:31 +0800] "GET /images_all/image2017/10-2/repos_kuaijiyu_20171013172755_2_68_26.jpg HTTP/1.1" 404 1147 www.test.com "http://www.hbbs.net/" "Mozilla/5.0 (iPhone; CPU iPhone OS 13_7 like Mac OS X) AppleWebKit/605.1.15 (KHTML, like Gecko) Version/13.1 Mobile/15E148 Safari/604.1"
180.101.244.13 - - [17/Apr/2024:10:11:31 +0800] "GET /images_all/image2017/09-2/pos_kuaijiyu_20170911185549_4_20_54.jpg HTTP/1.1" 404 1147 www.test.com "http://www.hbbs.net/" "Mozilla/5.0 (iPhone; CPU iPhone OS 13_7 like Mac OS X) AppleWebKit/605.1.15 (KHTML, like Gecko) Version/13.1 Mobile/15E148 Safari/604.1"
180.101.244.12 - - [17/Apr/2024:10:11:31 +0800] "GET /images_all/image2017/09-2/pos_kuaijiyu_20170911185549_3_6_33.jpg HTTP/1.1" 404 1147 www.test.com "http://www.hbbs.net/" "Mozilla/5.0 (iPhone; CPU iPhone OS 13_7 like Mac OS X) AppleWebKit/605.1.15 (KHTML, like Gecko) Version/13.1 Mobile/15E148 Safari/604.1"
180.101.245.252 - - [17/Apr/2024:10:11:31 +0800] "GET /images_all/image2017/10-2/repos_kuaijiyu_20171013172755_1_51_95.jpg HTTP/1.1" 404 1147 www.test.com "http://www.hbbs.net/" "Mozilla/5.0 (iPhone; CPU iPhone OS 13_7 like Mac OS X) AppleWebKit/605.1.15 (KHTML, like Gecko) Version/13.1 Mobile/15E148 Safari/604.1"
180.101.245.253 - - [17/Apr/2024:10:11:31 +0800] "GET /images_all/image2017/09-2/pos_kuaijiyu_20170911185549_1_33_61.jpg HTTP/1.1" 404 1147 www.test.com "http://www.hbbs.net/" "Mozilla/5.0 (iPhone; CPU iPhone OS 13_7 like Mac OS X) AppleWebKit/605.1.15 (KHTML, like Gecko) Version/13.1 Mobile/15E148 Safari/604.1"
180.101.244.13 - - [17/Apr/2024:10:11:31 +0800] "GET /images_all/image2017/10-2/repos_kuaijiyu_20171013172756_3_93_30.jpg HTTP/1.1" 404 1147 www.test.com "http://www.hbbs.net/" "Mozilla/5.0 (iPhone; CPU iPhone OS 13_7 like Mac OS X) AppleWebKit/605.1.15 (KHTML, like Gecko) Version/13.1 Mobile/15E148 Safari/604.1"
14.212.42.144 - - [17/Apr/2024:10:12:04 +0800] "GET /images/cloud_bg.png HTTP/2.0" 200 7312 s.test.com "https://yd.test.com/" "Mozilla/5.0 (Windows NT 10.0; Win64; x64) AppleWebKit/537.36 (KHTML, like Gecko) Chrome/123.0.0.0 Safari/537.36 Edg/123.0.0.0"
14.212.42.144 - - [17/Apr/2024:10:12:18 +0800] "GET /images/cloud_bg.png HTTP/2.0" 200 7312 s.test.com "https://yd.test.com/" "Mozilla/5.0 (Windows NT 10.0; Win64; x64) AppleWebKit/537.36 (KHTML, like Gecko) Chrome/123.0.0.0 Safari/537.36 Edg/123.0.0.0"
14.212.42.144 - - [17/Apr/2024:10:12:35 +0800] "GET /images/cloud_bg.png HTTP/2.0" 200 7312 s.test.com "https://yd.test.com/" "Mozilla/5.0 (Windows NT 10.0; Win64; x64) AppleWebKit/537.36 (KHTML, like Gecko) Chrome/123.0.0.0 Safari/537.36 Edg/123.0.0.0"
14.212.42.144 - - [17/Apr/2024:10:13:57 +0800] "GET /images/cloud_bg.png HTTP/2.0" 200 7312 s.test.com "https://yd.test.com/" "Mozilla/5.0 (Windows NT 10.0; Win64; x64) AppleWebKit/537.36 (KHTML, like Gecko) Chrome/123.0.0.0 Safari/537.36 Edg/123.0.0.0"
14.212.42.144 - - [17/Apr/2024:10:14:02 +0800] "GET /images/cloud_bg.png HTTP/2.0" 200 7312 s.test.com "https://yd.test.com/" "Mozilla/5.0 (Windows NT 10.0; Win64; x64) AppleWebKit/537.36 (KHTML, like Gecko) Chrome/123.0.0.0 Safari/537.36 Edg/123.0.0.0"
182.202.5.41 - - [17/Apr/2024:10:14:31 +0800] "GET /images/pixe1.gif HTTP/1.1" 200 43 s.test.com "http://yy.aaabbb.net.cn/" "Mozilla/5.0 (Windows NT 10.0; Win64; x64) AppleWebKit/537.36 (KHTML, like Gecko) Chrome/109.0.0.0 Safari/537.36"
14.212.42.144 - - [17/Apr/2024:10:14:58 +0800] "GET /images/cloud_bg.png HTTP/2.0" 200 7312 s.test.com "https://yd.test.com/" "Mozilla/5.0 (Windows NT 10.0; Win64; x64) AppleWebKit/537.36 (KHTML, like Gecko) Chrome/123.0.0.0 Safari/537.36 Edg/123.0.0.0"
14.212.42.144 - - [17/Apr/2024:10:15:15 +0800] "GET /images/cloud_bg.png HTTP/2.0" 200 7312 s.test.com "https://yd.test.com/" "Mozilla/5.0 (Windows NT 10.0; Win64; x64) AppleWebKit/537.36 (KHTML, like Gecko) Chrome/123.0.0.0 Safari/537.36 Edg/123.0.0.0"
61.184.19.90 - - [17/Apr/2024:10:15:20 +0800] "GET / HTTP/1.1" 200 1048 www.test.com "-" "Mozilla/5.0 (Windows NT 10.0; Win64; x64) AppleWebKit/537.36 (KHTML, like Gecko) Chrome/106.0.0.0 Safari/537.36"
14.212.42.144 - - [17/Apr/2024:10:15:25 +0800] "GET /images/cloud_bg.png HTTP/2.0" 200 7312 s.test.com "https://yd.test.com/" "Mozilla/5.0 (Windows NT 10.0; Win64; x64) AppleWebKit/537.36 (KHTML, like Gecko) Chrome/123.0.0.0 Safari/537.36 Edg/123.0.0.0"
14.212.42.144 - - [17/Apr/2024:10:15:55 +0800] "GET /images/cloud_bg.png HTTP/2.0" 200 7312 s.test.com "https://yd.test.com/" "Mozilla/5.0 (Windows NT 10.0; Win64; x64) AppleWebKit/537.36 (KHTML, like Gecko) Chrome/123.0.0.0 Safari/537.36 Edg/123.0.0.0"
18.218.129.100 - - [17/Apr/2024:10:17:49 +0800] "GET /robots.txt HTTP/1.1" 404 1986 www.test.com "-" "claudebot"
18.218.129.100 - - [17/Apr/2024:10:17:50 +0800] "GET /shtml201704/p-r49462187-1492737309.html HTTP/1.1" 404 1986 www.test.com "-" "claudebot"
115.54.62.160 - - [17/Apr/2024:10:17:50 +0800] "GET /y/ HTTP/2.0" 200 98 s.test.com "https://store.shop.net/home" "Mozilla/5.0 (Windows NT 6.1; Win64; x64) AppleWebKit/537.36 (KHTML, like Gecko) Chrome/114.0.5735.289 Safari/537.36"
13.59.36.203 - - [17/Apr/2024:10:17:55 +0800] "GET /robots.txt HTTP/1.1" 404 1986 www.test.com "-" "claudebot"
13.59.36.203 - - [17/Apr/2024:10:17:56 +0800] "GET /community/posts.php?aid=1521536361 HTTP/1.1" 404 1986 www.test.com "-" "claudebot"
42.233.5.79 - - [17/Apr/2024:10:18:26 +0800] "GET /images/cloud_bg.png HTTP/2.0" 200 7312 s.test.com "https://guanli.shop.net/style/style.css?v=1.1.62-14" "Mozilla/5.0 (Windows NT 6.1; WOW64) AppleWebKit/537.36 (KHTML, like Gecko) Chrome/114.0.5735.289 Safari/537.36"
115.54.62.160 - - [17/Apr/2024:10:18:56 +0800] "GET /images/cloud_bg.png HTTP/2.0" 200 7312 s.test.com "https://guanli.shop.net/style/style.css?v=1.1.62-14" "Mozilla/5.0 (Windows NT 10.0; Win64; x64) AppleWebKit/537.36 (KHTML, like Gecko) Chrome/114.0.5735.289 Safari/537.36"
115.54.62.160 - - [17/Apr/2024:10:20:35 +0800] "GET /images/cloud_bg.png HTTP/2.0" 200 7312 s.test.com "https://guanli.shop.net/style/style.css?v=1.1.62-14" "Mozilla/5.0 (Windows NT 6.1; Win64; x64) AppleWebKit/537.36 (KHTML, like Gecko) Chrome/114.0.5735.289 Safari/537.36"
115.54.62.160 - - [17/Apr/2024:10:20:43 +0800] "GET /images/cloud_bg.png HTTP/2.0" 200 7312 s.test.com "https://guanli.shop.net/style/style.css?v=1.1.62-14" "Mozilla/5.0 (Windows NT 6.1; Win64; x64) AppleWebKit/537.36 (KHTML, like Gecko) Chrome/114.0.5735.289 Safari/537.36"
61.184.19.133 - - [17/Apr/2024:10:22:57 +0800] "GET / HTTP/1.1" 200 1048 www.test.com "-" "Mozilla/5.0 (Windows NT 10.0; Win64; x64) AppleWebKit/537.36 (KHTML, like Gecko) Chrome/106.0.0.0 Safari/537.36"
14.212.42.144 - - [17/Apr/2024:10:23:44 +0800] "GET /images/pixe1.gif HTTP/2.0" 200 43 s.test.com "https://yd.test.com/login" "Mozilla/5.0 (Windows NT 6.1; WOW64) AppleWebKit/537.36 (KHTML, like Gecko) Chrome/114.0.5735.289 Safari/537.36"
14.212.42.144 - - [17/Apr/2024:10:23:52 +0800] "GET /images/cloud_bg.png HTTP/2.0" 200 7312 s.test.com "https://yd.test.com/style/home.css?v=1.0.61713320631" "Mozilla/5.0 (Windows NT 6.1; WOW64) AppleWebKit/537.36 (KHTML, like Gecko) Chrome/114.0.5735.289 Safari/537.36"
113.215.189.33 - - [17/Apr/2024:10:24:03 +0800] "GET / HTTP/1.1" 200 1048 www.test.com "-" "Mozilla/5.0 (Windows NT 10.0; Win64; x64) AppleWebKit/537.36 (KHTML, like Gecko) Chrome/48.0.8474.866 Safari/537.36 TheWorld 7"
113.215.189.33 - - [17/Apr/2024:10:24:03 +0800] "GET / HTTP/1.1" 200 1048 www.test.com "-" "Mozilla/5.0 (X11; Linux x86_64) AppleWebKit/537.36 (KHTML, like Gecko) Chrome/103.0.5060.53 Safari/537.36"
113.215.189.33 - - [17/Apr/2024:10:24:03 +0800] "GET /favicon.ico HTTP/1.1" 404 1147 www.test.com "-" "Mozilla/5.0 (X11; Linux x86_64) AppleWebKit/537.36 (KHTML, like Gecko) Chrome/103.0.5060.53 Safari/537.36"
14.212.42.144 - - [17/Apr/2024:10:24:07 +0800] "GET /images/cloud_bg.png HTTP/2.0" 200 7312 s.test.com "https://yd.test.com/style/home.css?v=1.0.61713320647" "Mozilla/5.0 (Windows NT 6.1; WOW64) AppleWebKit/537.36 (KHTML, like Gecko) Chrome/114.0.5735.289 Safari/537.36"
14.212.1.32 - - [17/Apr/2024:10:24:15 +0800] "GET /images/pixe1.gif HTTP/2.0" 200 43 s.test.com "https://yd.test.com/" "Mozilla/5.0 (Windows NT 10.0; Win64; x64) AppleWebKit/537.36 (KHTML, like Gecko) Chrome/114.0.5735.289 Safari/537.36"
115.54.62.160 - - [17/Apr/2024:10:24:16 +0800] "GET /images/cloud_bg.png HTTP/2.0" 200 7312 s.test.com "https://guanli.shop.net/style/style.css?v=1.1.62-14" "Mozilla/5.0 (Windows NT 6.1; Win64; x64) AppleWebKit/537.36 (KHTML, like Gecko) Chrome/114.0.5735.289 Safari/537.36"
111.202.101.96 - - [17/Apr/2024:10:24:17 +0800] "GET / HTTP/1.1" 200 1951 www.test.com "-" "Sogou web spider/4.0(+http://www.sogou.net/docs/help/webmasters.htm#07)"
14.212.1.32 - - [17/Apr/2024:10:24:30 +0800] "GET /images/cloud_bg.png HTTP/2.0" 200 7312 s.test.com "https://yd.test.com/style/home.css?v=1.0.61713320669" "Mozilla/5.0 (Windows NT 10.0; Win64; x64) AppleWebKit/537.36 (KHTML, like Gecko) Chrome/114.0.5735.289 Safari/537.36"
14.212.1.32 - - [17/Apr/2024:10:24:34 +0800] "GET /images/cloud_bg.png HTTP/2.0" 200 7312 s.test.com "https://yd.test.com/style/home.css?v=1.0.61713320673" "Mozilla/5.0 (Windows NT 10.0; Win64; x64) AppleWebKit/537.36 (KHTML, like Gecko) Chrome/114.0.5735.289 Safari/537.36"
14.212.42.144 - - [17/Apr/2024:10:24:37 +0800] "GET /images/cloud_bg.png HTTP/2.0" 200 7312 s.test.com "https://yd.test.com/style/home.css?v=1.0.61713320676" "Mozilla/5.0 (Windows NT 6.1; WOW64) AppleWebKit/537.36 (KHTML, like Gecko) Chrome/114.0.5735.289 Safari/537.36"
14.212.42.144 - - [17/Apr/2024:10:24:46 +0800] "GET /images/cloud_bg.png HTTP/2.0" 200 7312 s.test.com "https://yd.test.com/style/home.css?v=1.0.61713320685" "Mozilla/5.0 (Windows NT 6.1; WOW64) AppleWebKit/537.36 (KHTML, like Gecko) Chrome/114.0.5735.289 Safari/537.36"
14.212.1.32 - - [17/Apr/2024:10:24:55 +0800] "GET /images/cloud_bg.png HTTP/2.0" 200 7312 s.test.com "https://yd.test.com/style/home.css?v=1.0.61713320694" "Mozilla/5.0 (Windows NT 10.0; Win64; x64) AppleWebKit/537.36 (KHTML, like Gecko) Chrome/114.0.5735.289 Safari/537.36"
14.212.1.32 - - [17/Apr/2024:10:25:04 +0800] "GET /images/cloud_bg.png HTTP/2.0" 200 7312 s.test.com "https://yd.test.com/style/home.css?v=1.0.61713320704" "Mozilla/5.0 (Windows NT 10.0; Win64; x64) AppleWebKit/537.36 (KHTML, like Gecko) Chrome/114.0.5735.289 Safari/537.36"
14.212.1.32 - - [17/Apr/2024:10:25:14 +0800] "GET /images/cloud_bg.png HTTP/2.0" 200 7312 s.test.com "https://yd.test.com/style/home.css?v=1.0.61713320714" "Mozilla/5.0 (Windows NT 10.0; Win64; x64) AppleWebKit/537.36 (KHTML, like Gecko) Chrome/114.0.5735.289 Safari/537.36"
14.212.1.32 - - [17/Apr/2024:10:25:21 +0800] "GET /images/cloud_bg.png HTTP/2.0" 200 7312 s.test.com "https://yd.test.com/style/home.css?v=1.0.61713320721" "Mozilla/5.0 (Windows NT 10.0; Win64; x64) AppleWebKit/537.36 (KHTML, like Gecko) Chrome/114.0.5735.289 Safari/537.36"
14.212.1.32 - - [17/Apr/2024:10:25:26 +0800] "GET /images/cloud_bg.png HTTP/2.0" 200 7312 s.test.com "https://yd.test.com/style/home.css?v=1.0.61713320725" "Mozilla/5.0 (Windows NT 10.0; Win64; x64) AppleWebKit/537.36 (KHTML, like Gecko) Chrome/114.0.5735.289 Safari/537.36"
14.212.1.32 - - [17/Apr/2024:10:25:26 +0800] "GET /images/cloud_bg.png HTTP/2.0" 200 7312 s.test.com "https://yd.test.com/style/home.css?v=1.0.61713320724" "Mozilla/5.0 (Windows NT 10.0; Win64; x64) AppleWebKit/537.36 (KHTML, like Gecko) Chrome/114.0.5735.289 Safari/537.36"
14.212.1.32 - - [17/Apr/2024:10:25:31 +0800] "GET /images/cloud_bg.png HTTP/2.0" 200 7312 s.test.com "https://yd.test.com/style/home.css?v=1.0.61713320730" "Mozilla/5.0 (Windows NT 10.0; Win64; x64) AppleWebKit/537.36 (KHTML, like Gecko) Chrome/114.0.5735.289 Safari/537.36"
14.212.1.32 - - [17/Apr/2024:10:25:33 +0800] "GET /images/cloud_bg.png HTTP/2.0" 200 7312 s.test.com "https://yd.test.com/style/home.css?v=1.0.61713320732" "Mozilla/5.0 (Windows NT 10.0; Win64; x64) AppleWebKit/537.36 (KHTML, like Gecko) Chrome/114.0.5735.289 Safari/537.36"
